[2024-05-10T01:40:06.314+0300][info][gc] Using Parallel
[2024-05-10T01:40:07.824+0300][info][gc] GC(0) Pause Young (Allocation Failure) 3M->2M(13M) 5.484ms
[2024-05-10T01:40:13.078+0300][info][gc] GC(1) Pause Young (Allocation Failure) 5M->2M(13M) 2.135ms
[2024-05-10T01:40:13.190+0300][info][gc] GC(2) Pause Young (Allocation Failure) 6M->3M(13M) 2.609ms
[2024-05-10T01:40:13.231+0300][info][gc] GC(3) Pause Young (Allocation Failure) 6M->4M(13M) 2.490ms
[2024-05-10T01:40:13.528+0300][info][gc] GC(4) Pause Young (Allocation Failure) 7M->5M(13M) 3.770ms
[2024-05-10T01:40:14.864+0300][info][gc] GC(5) Pause Young (Allocation Failure) 8M->5M(11M) 3.723ms
[2024-05-10T01:40:24.865+0300][info][gc] GC(6) Pause Young (Allocation Failure) 7M->6M(12M) 2.103ms
[2024-05-10T01:40:37.845+0300][info][gc] GC(7) Pause Young (Allocation Failure) 7M->6M(12M) 1.065ms
[2024-05-10T01:40:50.879+0300][info][gc] GC(8) Pause Young (Allocation Failure) 7M->6M(12M) 1.687ms
[2024-05-10T01:40:55.886+0300][info][gc] GC(9) Pause Young (Allocation Failure) 7M->7M(12M) 0.833ms
[2024-05-10T01:41:09.857+0300][info][gc] GC(10) Pause Young (Allocation Failure) 8M->7M(12M) 1.316ms
[2024-05-10T01:41:22.896+0300][info][gc] GC(11) Pause Young (Allocation Failure) 8M->7M(12M) 0.435ms
[2024-05-10T01:41:36.904+0300][info][gc] GC(12) Pause Young (Allocation Failure) 8M->7M(12M) 0.436ms
[2024-05-10T01:41:51.869+0300][info][gc] GC(13) Pause Young (Allocation Failure) 8M->7M(12M) 0.490ms
[2024-05-10T01:41:57.014+0300][info][gc] GC(14) Pause Full (Ergonomics) 9M->5M(12M) 22.953ms
[2024-05-10T01:41:57.026+0300][info][gc] GC(15) Pause Young (Allocation Failure) 7M->5M(12M) 0.554ms
[2024-05-10T01:41:57.032+0300][info][gc] GC(16) Pause Young (Allocation Failure) 7M->5M(12M) 0.379ms
[2024-05-10T01:41:57.035+0300][info][gc] GC(17) Pause Young (Allocation Failure) 7M->5M(12M) 0.364ms
[2024-05-10T01:41:57.038+0300][info][gc] GC(18) Pause Young (Allocation Failure) 7M->6M(12M) 0.360ms
[2024-05-10T01:41:57.043+0300][info][gc] GC(19) Pause Young (Allocation Failure) 7M->6M(12M) 0.418ms
[2024-05-10T01:41:57.046+0300][info][gc] GC(20) Pause Young (Allocation Failure) 7M->6M(12M) 0.458ms
[2024-05-10T01:41:57.049+0300][info][gc] GC(21) Pause Young (Allocation Failure) 7M->6M(12M) 0.382ms
[2024-05-10T01:41:57.052+0300][info][gc] GC(22) Pause Young (Allocation Failure) 7M->6M(12M) 0.358ms
[2024-05-10T01:41:57.055+0300][info][gc] GC(23) Pause Young (Allocation Failure) 7M->6M(12M) 0.271ms
[2024-05-10T01:41:57.058+0300][info][gc] GC(24) Pause Young (Allocation Failure) 8M->6M(12M) 0.419ms
[2024-05-10T01:41:57.062+0300][info][gc] GC(25) Pause Young (Allocation Failure) 8M->6M(12M) 0.389ms
[2024-05-10T01:41:57.065+0300][info][gc] GC(26) Pause Young (Allocation Failure) 8M->6M(12M) 0.368ms
[2024-05-10T01:41:57.067+0300][info][gc] GC(27) Pause Young (Allocation Failure) 8M->7M(12M) 0.347ms
[2024-05-10T01:41:57.070+0300][info][gc] GC(28) Pause Young (Allocation Failure) 8M->7M(12M) 0.372ms
[2024-05-10T01:41:57.073+0300][info][gc] GC(29) Pause Young (Allocation Failure) 8M->7M(12M) 0.374ms
[2024-05-10T01:41:57.076+0300][info][gc] GC(30) Pause Young (Allocation Failure) 8M->7M(12M) 0.414ms
[2024-05-10T01:41:57.079+0300][info][gc] GC(31) Pause Young (Allocation Failure) 8M->7M(12M) 0.310ms
[2024-05-10T01:41:57.920+0300][info][gc] GC(32) Pause Young (Allocation Failure) 8M->7M(12M) 0.354ms
[2024-05-10T01:42:11.934+0300][info][gc] GC(33) Pause Young (Allocation Failure) 8M->7M(13M) 0.424ms
[2024-05-10T01:42:31.948+0300][info][gc] GC(34) Pause Young (Allocation Failure) 9M->7M(13M) 0.441ms
[2024-05-10T01:42:55.967+0300][info][gc] GC(35) Pause Young (Allocation Failure) 9M->7M(13M) 0.648ms
[2024-05-10T01:43:20.982+0300][info][gc] GC(36) Pause Young (Allocation Failure) 9M->7M(13M) 0.315ms
[2024-05-10T01:43:34.992+0300][info][gc] GC(37) Pause Young (Allocation Failure) 9M->8M(12M) 0.418ms
[2024-05-10T01:43:49.910+0300][info][gc] GC(38) Pause Young (Allocation Failure) 9M->7M(12M) 0.324ms
[2024-05-10T01:44:04.012+0300][info][gc] GC(39) Pause Young (Allocation Failure) 8M->7M(13M) 0.467ms
[2024-05-10T01:44:23.922+0300][info][gc] GC(40) Pause Young (Allocation Failure) 9M->7M(12M) 0.375ms
[2024-05-10T01:44:43.046+0300][info][gc] GC(41) Pause Young (Allocation Failure) 9M->7M(12M) 0.525ms
[2024-05-10T01:45:02.937+0300][info][gc] GC(42) Pause Young (Allocation Failure) 9M->7M(12M) 0.433ms
[2024-05-10T01:45:21.075+0300][info][gc] GC(43) Pause Young (Allocation Failure) 9M->7M(12M) 0.547ms
[2024-05-10T01:45:41.089+0300][info][gc] GC(44) Pause Young (Allocation Failure) 9M->7M(12M) 0.502ms
[2024-05-10T01:46:01.104+0300][info][gc] GC(45) Pause Young (Allocation Failure) 9M->7M(12M) 0.517ms
[2024-05-10T01:46:11.109+0300][info][gc] GC(46) Pause Young (Allocation Failure) 9M->8M(12M) 0.537ms
[2024-05-10T01:46:31.120+0300][info][gc] GC(47) Pause Young (Allocation Failure) 10M->8M(12M) 0.633ms
[2024-05-10T01:46:51.135+0300][info][gc] GC(48) Pause Young (Allocation Failure) 10M->8M(12M) 0.491ms
[2024-05-10T01:47:10.997+0300][info][gc] GC(49) Pause Young (Allocation Failure) 10M->8M(12M) 0.411ms
[2024-05-10T01:47:30.153+0300][info][gc] GC(50) Pause Young (Allocation Failure) 10M->8M(12M) 0.435ms
[2024-05-10T01:47:50.164+0300][info][gc] GC(51) Pause Young (Allocation Failure) 10M->8M(12M) 0.407ms
[2024-05-10T01:48:10.175+0300][info][gc] GC(52) Pause Young (Allocation Failure) 10M->8M(12M) 0.391ms
[2024-05-10T01:48:30.188+0300][info][gc] GC(53) Pause Young (Allocation Failure) 10M->8M(12M) 0.299ms
[2024-05-10T01:48:50.049+0300][info][gc] GC(54) Pause Young (Allocation Failure) 10M->8M(12M) 0.434ms
[2024-05-10T01:49:10.058+0300][info][gc] GC(55) Pause Young (Allocation Failure) 10M->8M(12M) 0.418ms
