[2024-05-10T01:06:21.391+0300][info][gc] Using Serial
[2024-05-10T01:06:23.882+0300][info][gc] GC(0) Pause Young (Allocation Failure) 3M->2M(13M) 5.403ms
[2024-05-10T01:06:23.987+0300][info][gc] GC(1) Pause Young (Allocation Failure) 5M->2M(13M) 4.120ms
[2024-05-10T01:06:24.085+0300][info][gc] GC(2) Pause Young (Allocation Failure) 6M->3M(13M) 4.304ms
[2024-05-10T01:06:24.128+0300][info][gc] GC(3) Pause Young (Allocation Failure) 7M->4M(13M) 5.580ms
[2024-05-10T01:06:24.508+0300][info][gc] GC(4) Pause Young (Allocation Failure) 8M->5M(13M) 4.402ms
[2024-05-10T01:06:36.610+0300][info][gc] GC(5) Pause Young (Allocation Failure) 9M->6M(13M) 4.142ms
[2024-05-10T01:07:08.646+0300][info][gc] GC(6) Pause Young (Allocation Failure) 9M->6M(13M) 2.043ms
[2024-05-10T01:07:33.652+0300][info][gc] GC(7) Pause Young (Allocation Failure) 9M->7M(13M) 1.708ms
[2024-05-10T01:07:48.516+0300][info][gc] GC(8) Pause Young (Allocation Failure) 10M->8M(13M) 2.081ms
[2024-05-10T01:07:48.542+0300][info][gc] GC(9) Pause Young (Allocation Failure) 11M->11M(13M) 0.046ms
[2024-05-10T01:07:48.576+0300][info][gc] GC(10) Pause Full (Allocation Failure) 11M->6M(13M) 33.997ms
[2024-05-10T01:07:48.587+0300][info][gc] GC(11) Pause Young (Allocation Failure) 9M->6M(13M) 0.595ms
[2024-05-10T01:07:48.592+0300][info][gc] GC(12) Pause Young (Allocation Failure) 10M->6M(13M) 0.330ms
[2024-05-10T01:07:48.599+0300][info][gc] GC(13) Pause Young (Allocation Failure) 10M->7M(13M) 0.377ms
[2024-05-10T01:07:48.605+0300][info][gc] GC(14) Pause Young (Allocation Failure) 10M->7M(13M) 0.334ms
[2024-05-10T01:07:48.611+0300][info][gc] GC(15) Pause Young (Allocation Failure) 10M->7M(13M) 0.487ms
[2024-05-10T01:07:48.664+0300][info][gc] GC(16) Pause Young (Allocation Failure) 11M->7M(13M) 0.645ms
[2024-05-10T01:08:20.683+0300][info][gc] GC(17) Pause Young (Allocation Failure) 11M->7M(13M) 0.627ms
[2024-05-10T01:08:46.704+0300][info][gc] GC(18) Pause Young (Allocation Failure) 11M->7M(13M) 0.598ms
[2024-05-10T01:09:23.725+0300][info][gc] GC(19) Pause Young (Allocation Failure) 11M->7M(13M) 0.605ms
[2024-05-10T01:09:53.072+0300][info][gc] GC(20) Pause Young (Allocation Failure) 10M->7M(13M) 0.628ms
[2024-05-10T01:10:20.762+0300][info][gc] GC(21) Pause Young (Allocation Failure) 10M->8M(13M) 0.982ms
[2024-05-10T01:10:56.796+0300][info][gc] GC(22) Pause Young (Allocation Failure) 11M->11M(13M) 0.044ms
[2024-05-10T01:10:56.814+0300][info][gc] GC(23) Pause Full (Allocation Failure) 11M->6M(13M) 17.500ms
[2024-05-10T01:11:32.825+0300][info][gc] GC(24) Pause Young (Allocation Failure) 9M->6M(13M) 0.456ms
[2024-05-10T01:12:10.744+0300][info][gc] GC(25) Pause Young (Allocation Failure) 9M->6M(13M) 0.478ms
[2024-05-10T01:12:47.875+0300][info][gc] GC(26) Pause Young (Allocation Failure) 9M->6M(13M) 0.493ms
