[2024-05-10T03:14:36.428+0300][info][gc] Using The Z Garbage Collector
[2024-05-10T03:14:36.600+0300][info][gc] GC(0) Garbage Collection (Warmup) 4M(22%)->4M(22%)
[2024-05-10T03:14:36.686+0300][info][gc] GC(1) Garbage Collection (Warmup) 4M(22%)->4M(22%)
[2024-05-10T03:14:37.481+0300][info][gc] GC(2) Garbage Collection (Warmup) 6M(33%)->4M(22%)
[2024-05-10T03:14:47.986+0300][info][gc] GC(3) Garbage Collection (Proactive) 6M(33%)->6M(33%)
[2024-05-10T03:14:48.206+0300][info][gc] Relocation Stall (Attach Listener) 1.756ms
[2024-05-10T03:14:48.206+0300][info][gc] Allocation Stall (Attach Listener) 25.221ms
[2024-05-10T03:14:48.210+0300][info][gc] GC(4) Garbage Collection (Allocation Rate) 18M(100%)->8M(44%)
[2024-05-10T03:14:48.308+0300][info][gc] GC(5) Garbage Collection (Allocation Stall) 8M(44%)->8M(44%)
[2024-05-10T03:14:48.405+0300][info][gc] GC(6) Garbage Collection (Allocation Rate) 8M(44%)->8M(44%)
[2024-05-10T03:14:48.498+0300][info][gc] GC(7) Garbage Collection (Allocation Rate) 10M(56%)->8M(44%)
[2024-05-10T03:14:48.592+0300][info][gc] GC(8) Garbage Collection (Allocation Rate) 8M(44%)->8M(44%)
[2024-05-10T03:14:48.703+0300][info][gc] GC(9) Garbage Collection (Allocation Rate) 10M(56%)->10M(56%)
[2024-05-10T03:14:48.795+0300][info][gc] GC(10) Garbage Collection (Allocation Rate) 10M(56%)->10M(56%)
[2024-05-10T03:14:48.888+0300][info][gc] GC(11) Garbage Collection (Allocation Rate) 10M(56%)->10M(56%)
[2024-05-10T03:14:49.000+0300][info][gc] GC(12) Garbage Collection (Allocation Rate) 10M(56%)->10M(56%)
[2024-05-10T03:14:49.093+0300][info][gc] GC(13) Garbage Collection (Allocation Rate) 10M(56%)->10M(56%)
[2024-05-10T03:14:49.199+0300][info][gc] GC(14) Garbage Collection (Allocation Rate) 10M(56%)->10M(56%)
[2024-05-10T03:14:49.294+0300][info][gc] GC(15) Garbage Collection (Allocation Rate) 10M(56%)->10M(56%)
[2024-05-10T03:14:49.388+0300][info][gc] GC(16) Garbage Collection (Allocation Rate) 10M(56%)->10M(56%)
[2024-05-10T03:14:49.499+0300][info][gc] GC(17) Garbage Collection (Allocation Rate) 10M(56%)->10M(56%)
[2024-05-10T03:14:49.595+0300][info][gc] GC(18) Garbage Collection (Allocation Rate) 10M(56%)->10M(56%)
[2024-05-10T03:14:49.685+0300][info][gc] GC(19) Garbage Collection (Allocation Rate) 10M(56%)->10M(56%)
[2024-05-10T03:14:49.799+0300][info][gc] GC(20) Garbage Collection (Allocation Rate) 10M(56%)->10M(56%)
[2024-05-10T03:14:49.896+0300][info][gc] GC(21) Garbage Collection (Allocation Rate) 10M(56%)->10M(56%)
[2024-05-10T03:14:58.799+0300][info][gc] GC(22) Garbage Collection (Proactive) 12M(67%)->10M(56%)
[2024-05-10T03:15:07.801+0300][info][gc] GC(23) Garbage Collection (Proactive) 12M(67%)->6M(33%)
[2024-05-10T03:15:09.296+0300][info][gc] GC(24) Garbage Collection (Proactive) 8M(44%)->8M(44%)
[2024-05-10T03:15:10.688+0300][info][gc] GC(25) Garbage Collection (Proactive) 10M(56%)->8M(44%)
[2024-05-10T03:15:11.986+0300][info][gc] GC(26) Garbage Collection (Proactive) 12M(67%)->10M(56%)
[2024-05-10T03:15:13.101+0300][info][gc] GC(27) Garbage Collection (Proactive) 12M(67%)->10M(56%)
[2024-05-10T03:15:14.299+0300][info][gc] GC(28) Garbage Collection (Proactive) 12M(67%)->10M(56%)
[2024-05-10T03:15:15.394+0300][info][gc] GC(29) Garbage Collection (Proactive) 12M(67%)->10M(56%)
[2024-05-10T03:15:16.389+0300][info][gc] GC(30) Garbage Collection (Proactive) 12M(67%)->10M(56%)
[2024-05-10T03:15:17.486+0300][info][gc] GC(31) Garbage Collection (Proactive) 12M(67%)->10M(56%)
[2024-05-10T03:15:18.601+0300][info][gc] GC(32) Garbage Collection (Proactive) 12M(67%)->10M(56%)
[2024-05-10T03:15:19.786+0300][info][gc] GC(33) Garbage Collection (Proactive) 12M(67%)->10M(56%)
[2024-05-10T03:15:20.899+0300][info][gc] GC(34) Garbage Collection (Proactive) 12M(67%)->10M(56%)
[2024-05-10T03:15:22.100+0300][info][gc] GC(35) Garbage Collection (Proactive) 12M(67%)->10M(56%)
[2024-05-10T03:15:23.487+0300][info][gc] GC(36) Garbage Collection (Proactive) 12M(67%)->10M(56%)
[2024-05-10T03:15:24.698+0300][info][gc] GC(37) Garbage Collection (Proactive) 12M(67%)->10M(56%)
[2024-05-10T03:15:26.888+0300][info][gc] GC(38) Garbage Collection (Proactive) 12M(67%)->10M(56%)
[2024-05-10T03:15:28.691+0300][info][gc] GC(39) Garbage Collection (Proactive) 12M(67%)->10M(56%)
[2024-05-10T03:15:30.191+0300][info][gc] GC(40) Garbage Collection (Proactive) 12M(67%)->10M(56%)
[2024-05-10T03:15:31.486+0300][info][gc] GC(41) Garbage Collection (Proactive) 12M(67%)->10M(56%)
[2024-05-10T03:15:32.588+0300][info][gc] GC(42) Garbage Collection (Proactive) 12M(67%)->10M(56%)
[2024-05-10T03:15:33.700+0300][info][gc] GC(43) Garbage Collection (Proactive) 12M(67%)->10M(56%)
[2024-05-10T03:15:34.792+0300][info][gc] GC(44) Garbage Collection (Proactive) 12M(67%)->10M(56%)
[2024-05-10T03:15:35.898+0300][info][gc] GC(45) Garbage Collection (Proactive) 12M(67%)->10M(56%)
[2024-05-10T03:15:37.087+0300][info][gc] GC(46) Garbage Collection (Proactive) 12M(67%)->10M(56%)
[2024-05-10T03:15:38.095+0300][info][gc] GC(47) Garbage Collection (Proactive) 12M(67%)->10M(56%)
[2024-05-10T03:15:39.193+0300][info][gc] GC(48) Garbage Collection (Proactive) 12M(67%)->10M(56%)
[2024-05-10T03:15:40.492+0300][info][gc] GC(49) Garbage Collection (Proactive) 12M(67%)->10M(56%)
[2024-05-10T03:15:41.892+0300][info][gc] GC(50) Garbage Collection (Proactive) 12M(67%)->10M(56%)
[2024-05-10T03:15:43.202+0300][info][gc] GC(51) Garbage Collection (Proactive) 12M(67%)->10M(56%)
[2024-05-10T03:15:44.601+0300][info][gc] GC(52) Garbage Collection (Proactive) 12M(67%)->10M(56%)
[2024-05-10T03:15:45.896+0300][info][gc] GC(53) Garbage Collection (Proactive) 12M(67%)->10M(56%)
[2024-05-10T03:15:46.989+0300][info][gc] GC(54) Garbage Collection (Proactive) 12M(67%)->10M(56%)
[2024-05-10T03:15:48.002+0300][info][gc] GC(55) Garbage Collection (Proactive) 12M(67%)->10M(56%)
[2024-05-10T03:15:49.000+0300][info][gc] GC(56) Garbage Collection (Proactive) 12M(67%)->10M(56%)
[2024-05-10T03:15:49.999+0300][info][gc] GC(57) Garbage Collection (Proactive) 12M(67%)->10M(56%)
[2024-05-10T03:15:50.997+0300][info][gc] GC(58) Garbage Collection (Proactive) 12M(67%)->10M(56%)
[2024-05-10T03:15:51.057+0300][info][gc] Allocation Stall (main) 21.517ms
[2024-05-10T03:15:51.057+0300][info][gc] GC(59) Garbage Collection (Allocation Stall) 18M(100%)->14M(78%)
[2024-05-10T03:15:51.083+0300][info][gc] Allocation Stall (main) 16.875ms
[2024-05-10T03:15:51.083+0300][info][gc] GC(60) Garbage Collection (Allocation Stall) 18M(100%)->14M(78%)
[2024-05-10T03:15:51.107+0300][info][gc] Allocation Stall (main) 16.971ms
[2024-05-10T03:15:51.108+0300][info][gc] GC(61) Garbage Collection (Allocation Stall) 18M(100%)->16M(89%)
[2024-05-10T03:15:51.132+0300][info][gc] Allocation Stall (main) 17.631ms
[2024-05-10T03:15:51.132+0300][info][gc] GC(62) Garbage Collection (Allocation Stall) 18M(100%)->16M(89%)
[2024-05-10T03:15:51.153+0300][info][gc] Allocation Stall (main) 15.807ms
[2024-05-10T03:15:51.154+0300][info][gc] GC(63) Garbage Collection (Allocation Stall) 18M(100%)->16M(89%)
[2024-05-10T03:15:51.173+0300][info][gc] Allocation Stall (main) 16.022ms
[2024-05-10T03:15:51.174+0300][info][gc] GC(64) Garbage Collection (Allocation Stall) 18M(100%)->18M(100%)
[2024-05-10T03:15:51.192+0300][info][gc] Allocation Stall (main) 15.039ms
[2024-05-10T03:15:51.192+0300][info][gc] GC(65) Garbage Collection (Allocation Stall) 18M(100%)->12M(67%)
[2024-05-10T03:15:51.296+0300][info][gc] GC(66) Garbage Collection (Allocation Rate) 12M(67%)->10M(56%)
[2024-05-10T03:15:51.390+0300][info][gc] GC(67) Garbage Collection (Allocation Rate) 10M(56%)->10M(56%)
[2024-05-10T03:15:51.500+0300][info][gc] GC(68) Garbage Collection (Allocation Rate) 10M(56%)->10M(56%)
[2024-05-10T03:15:51.594+0300][info][gc] GC(69) Garbage Collection (Allocation Rate) 10M(56%)->10M(56%)
[2024-05-10T03:15:51.702+0300][info][gc] GC(70) Garbage Collection (Allocation Rate) 10M(56%)->10M(56%)
[2024-05-10T03:15:51.795+0300][info][gc] GC(71) Garbage Collection (Allocation Rate) 12M(67%)->10M(56%)
[2024-05-10T03:15:51.891+0300][info][gc] GC(72) Garbage Collection (Allocation Rate) 10M(56%)->10M(56%)
[2024-05-10T03:15:51.999+0300][info][gc] GC(73) Garbage Collection (Allocation Rate) 10M(56%)->10M(56%)
[2024-05-10T03:15:52.093+0300][info][gc] GC(74) Garbage Collection (Allocation Rate) 10M(56%)->10M(56%)
[2024-05-10T03:15:52.188+0300][info][gc] GC(75) Garbage Collection (Allocation Rate) 10M(56%)->10M(56%)
[2024-05-10T03:15:52.295+0300][info][gc] GC(76) Garbage Collection (Allocation Rate) 10M(56%)->10M(56%)
[2024-05-10T03:15:52.386+0300][info][gc] GC(77) Garbage Collection (Allocation Rate) 10M(56%)->10M(56%)
[2024-05-10T03:15:52.499+0300][info][gc] GC(78) Garbage Collection (Allocation Rate) 10M(56%)->10M(56%)
[2024-05-10T03:15:52.592+0300][info][gc] GC(79) Garbage Collection (Allocation Rate) 10M(56%)->10M(56%)
[2024-05-10T03:15:52.701+0300][info][gc] GC(80) Garbage Collection (Allocation Rate) 10M(56%)->10M(56%)
[2024-05-10T03:15:52.794+0300][info][gc] GC(81) Garbage Collection (Allocation Rate) 12M(67%)->10M(56%)
[2024-05-10T03:15:52.888+0300][info][gc] GC(82) Garbage Collection (Allocation Rate) 10M(56%)->10M(56%)
[2024-05-10T03:15:52.998+0300][info][gc] GC(83) Garbage Collection (Allocation Rate) 10M(56%)->10M(56%)
[2024-05-10T03:15:53.997+0300][info][gc] GC(84) Garbage Collection (Proactive) 12M(67%)->10M(56%)
[2024-05-10T03:15:55.002+0300][info][gc] GC(85) Garbage Collection (Proactive) 12M(67%)->10M(56%)
[2024-05-10T03:15:56.294+0300][info][gc] GC(86) Garbage Collection (Proactive) 12M(67%)->10M(56%)
[2024-05-10T03:15:57.499+0300][info][gc] GC(87) Garbage Collection (Proactive) 12M(67%)->10M(56%)
[2024-05-10T03:15:58.691+0300][info][gc] GC(88) Garbage Collection (Proactive) 12M(67%)->10M(56%)
[2024-05-10T03:15:59.891+0300][info][gc] GC(89) Garbage Collection (Proactive) 12M(67%)->10M(56%)
[2024-05-10T03:16:01.001+0300][info][gc] GC(90) Garbage Collection (Proactive) 12M(67%)->10M(56%)
[2024-05-10T03:16:02.096+0300][info][gc] GC(91) Garbage Collection (Proactive) 12M(67%)->10M(56%)
[2024-05-10T03:16:03.098+0300][info][gc] GC(92) Garbage Collection (Proactive) 12M(67%)->10M(56%)
[2024-05-10T03:16:04.094+0300][info][gc] GC(93) Garbage Collection (Proactive) 12M(67%)->10M(56%)
[2024-05-10T03:16:05.286+0300][info][gc] GC(94) Garbage Collection (Proactive) 12M(67%)->10M(56%)
[2024-05-10T03:16:06.397+0300][info][gc] GC(95) Garbage Collection (Proactive) 12M(67%)->10M(56%)
[2024-05-10T03:16:07.396+0300][info][gc] GC(96) Garbage Collection (Proactive) 12M(67%)->10M(56%)
[2024-05-10T03:16:08.397+0300][info][gc] GC(97) Garbage Collection (Proactive) 12M(67%)->10M(56%)
[2024-05-10T03:16:09.388+0300][info][gc] GC(98) Garbage Collection (Proactive) 12M(67%)->10M(56%)
[2024-05-10T03:16:10.387+0300][info][gc] GC(99) Garbage Collection (Proactive) 12M(67%)->10M(56%)
[2024-05-10T03:16:11.394+0300][info][gc] GC(100) Garbage Collection (Proactive) 12M(67%)->10M(56%)
[2024-05-10T03:16:12.796+0300][info][gc] GC(101) Garbage Collection (Proactive) 12M(67%)->10M(56%)
[2024-05-10T03:16:14.091+0300][info][gc] GC(102) Garbage Collection (Proactive) 12M(67%)->10M(56%)
[2024-05-10T03:16:15.296+0300][info][gc] GC(103) Garbage Collection (Proactive) 12M(67%)->10M(56%)
[2024-05-10T03:16:16.298+0300][info][gc] GC(104) Garbage Collection (Proactive) 12M(67%)->10M(56%)
[2024-05-10T03:16:17.497+0300][info][gc] GC(105) Garbage Collection (Proactive) 12M(67%)->10M(56%)
[2024-05-10T03:16:18.593+0300][info][gc] GC(106) Garbage Collection (Proactive) 12M(67%)->10M(56%)
[2024-05-10T03:16:19.592+0300][info][gc] GC(107) Garbage Collection (Proactive) 12M(67%)->10M(56%)
[2024-05-10T03:16:20.693+0300][info][gc] GC(108) Garbage Collection (Proactive) 12M(67%)->10M(56%)
[2024-05-10T03:16:21.796+0300][info][gc] GC(109) Garbage Collection (Proactive) 12M(67%)->12M(67%)
[2024-05-10T03:16:27.296+0300][info][gc] GC(110) Garbage Collection (Proactive) 14M(78%)->12M(67%)
[2024-05-10T03:16:28.295+0300][info][gc] GC(111) Garbage Collection (Proactive) 14M(78%)->12M(67%)
[2024-05-10T03:16:29.293+0300][info][gc] GC(112) Garbage Collection (Proactive) 14M(78%)->12M(67%)
[2024-05-10T03:16:30.200+0300][info][gc] GC(113) Garbage Collection (Proactive) 14M(78%)->12M(67%)
[2024-05-10T03:16:31.090+0300][info][gc] GC(114) Garbage Collection (Proactive) 14M(78%)->12M(67%)
[2024-05-10T03:16:31.997+0300][info][gc] GC(115) Garbage Collection (Proactive) 14M(78%)->12M(67%)
[2024-05-10T03:16:32.889+0300][info][gc] GC(116) Garbage Collection (Proactive) 14M(78%)->12M(67%)
[2024-05-10T03:16:33.796+0300][info][gc] GC(117) Garbage Collection (Proactive) 14M(78%)->12M(67%)
[2024-05-10T03:16:34.691+0300][info][gc] GC(118) Garbage Collection (Proactive) 14M(78%)->10M(56%)
[2024-05-10T03:16:35.891+0300][info][gc] GC(119) Garbage Collection (Proactive) 12M(67%)->10M(56%)
[2024-05-10T03:16:37.092+0300][info][gc] GC(120) Garbage Collection (Proactive) 12M(67%)->10M(56%)
[2024-05-10T03:16:38.200+0300][info][gc] GC(121) Garbage Collection (Proactive) 12M(67%)->10M(56%)
[2024-05-10T03:16:39.201+0300][info][gc] GC(122) Garbage Collection (Proactive) 12M(67%)->10M(56%)
[2024-05-10T03:16:40.201+0300][info][gc] GC(123) Garbage Collection (Proactive) 12M(67%)->10M(56%)
[2024-05-10T03:16:41.198+0300][info][gc] GC(124) Garbage Collection (Proactive) 12M(67%)->10M(56%)
[2024-05-10T03:16:42.196+0300][info][gc] GC(125) Garbage Collection (Proactive) 12M(67%)->10M(56%)
[2024-05-10T03:16:43.192+0300][info][gc] GC(126) Garbage Collection (Proactive) 12M(67%)->10M(56%)
[2024-05-10T03:16:44.287+0300][info][gc] GC(127) Garbage Collection (Proactive) 12M(67%)->10M(56%)
[2024-05-10T03:16:45.297+0300][info][gc] GC(128) Garbage Collection (Proactive) 12M(67%)->10M(56%)
[2024-05-10T03:16:46.295+0300][info][gc] GC(129) Garbage Collection (Proactive) 12M(67%)->10M(56%)
[2024-05-10T03:16:47.287+0300][info][gc] GC(130) Garbage Collection (Proactive) 12M(67%)->10M(56%)
[2024-05-10T03:16:48.294+0300][info][gc] GC(131) Garbage Collection (Proactive) 12M(67%)->10M(56%)
[2024-05-10T03:16:49.890+0300][info][gc] GC(132) Garbage Collection (Proactive) 12M(67%)->10M(56%)
[2024-05-10T03:16:51.297+0300][info][gc] GC(133) Garbage Collection (Proactive) 12M(67%)->10M(56%)
[2024-05-10T03:16:52.494+0300][info][gc] GC(134) Garbage Collection (Proactive) 12M(67%)->10M(56%)
[2024-05-10T03:16:53.603+0300][info][gc] GC(135) Garbage Collection (Proactive) 12M(67%)->10M(56%)
[2024-05-10T03:16:54.796+0300][info][gc] GC(136) Garbage Collection (Proactive) 12M(67%)->10M(56%)
[2024-05-10T03:16:55.892+0300][info][gc] GC(137) Garbage Collection (Proactive) 12M(67%)->10M(56%)
[2024-05-10T03:16:57.088+0300][info][gc] GC(138) Garbage Collection (Proactive) 12M(67%)->10M(56%)
[2024-05-10T03:16:58.195+0300][info][gc] GC(139) Garbage Collection (Proactive) 12M(67%)->10M(56%)
[2024-05-10T03:16:59.198+0300][info][gc] GC(140) Garbage Collection (Proactive) 12M(67%)->10M(56%)
[2024-05-10T03:17:00.196+0300][info][gc] GC(141) Garbage Collection (Proactive) 12M(67%)->10M(56%)
[2024-05-10T03:17:01.288+0300][info][gc] GC(142) Garbage Collection (Proactive) 12M(67%)->10M(56%)
[2024-05-10T03:17:02.296+0300][info][gc] GC(143) Garbage Collection (Proactive) 12M(67%)->10M(56%)
[2024-05-10T03:17:03.294+0300][info][gc] GC(144) Garbage Collection (Proactive) 12M(67%)->10M(56%)
[2024-05-10T03:17:04.289+0300][info][gc] GC(145) Garbage Collection (Proactive) 12M(67%)->10M(56%)
[2024-05-10T03:17:05.292+0300][info][gc] GC(146) Garbage Collection (Proactive) 12M(67%)->10M(56%)
[2024-05-10T03:17:06.286+0300][info][gc] GC(147) Garbage Collection (Proactive) 12M(67%)->10M(56%)
[2024-05-10T03:17:07.289+0300][info][gc] GC(148) Garbage Collection (Proactive) 12M(67%)->10M(56%)
[2024-05-10T03:17:08.489+0300][info][gc] GC(149) Garbage Collection (Proactive) 12M(67%)->10M(56%)
[2024-05-10T03:17:09.598+0300][info][gc] GC(150) Garbage Collection (Proactive) 12M(67%)->10M(56%)
[2024-05-10T03:17:10.598+0300][info][gc] GC(151) Garbage Collection (Proactive) 12M(67%)->10M(56%)
[2024-05-10T03:17:11.595+0300][info][gc] GC(152) Garbage Collection (Proactive) 14M(78%)->12M(67%)
[2024-05-10T03:17:12.499+0300][info][gc] GC(153) Garbage Collection (Proactive) 14M(78%)->12M(67%)
[2024-05-10T03:17:13.499+0300][info][gc] GC(154) Garbage Collection (Proactive) 14M(78%)->12M(67%)
[2024-05-10T03:17:14.595+0300][info][gc] GC(155) Garbage Collection (Proactive) 14M(78%)->12M(67%)
[2024-05-10T03:17:15.703+0300][info][gc] GC(156) Garbage Collection (Proactive) 14M(78%)->12M(67%)
[2024-05-10T03:17:16.797+0300][info][gc] GC(157) Garbage Collection (Proactive) 14M(78%)->12M(67%)
[2024-05-10T03:17:17.891+0300][info][gc] GC(158) Garbage Collection (Proactive) 14M(78%)->12M(67%)
[2024-05-10T03:17:19.001+0300][info][gc] GC(159) Garbage Collection (Proactive) 14M(78%)->12M(67%)
[2024-05-10T03:17:20.003+0300][info][gc] GC(160) Garbage Collection (Proactive) 14M(78%)->12M(67%)
[2024-05-10T03:17:21.189+0300][info][gc] GC(161) Garbage Collection (Proactive) 14M(78%)->12M(67%)
[2024-05-10T03:17:22.286+0300][info][gc] GC(162) Garbage Collection (Proactive) 14M(78%)->12M(67%)
[2024-05-10T03:17:23.286+0300][info][gc] GC(163) Garbage Collection (Proactive) 14M(78%)->12M(67%)
[2024-05-10T03:17:24.300+0300][info][gc] GC(164) Garbage Collection (Proactive) 14M(78%)->12M(67%)
[2024-05-10T03:17:25.397+0300][info][gc] GC(165) Garbage Collection (Proactive) 14M(78%)->12M(67%)
[2024-05-10T03:17:26.886+0300][info][gc] GC(166) Garbage Collection (Proactive) 14M(78%)->12M(67%)
[2024-05-10T03:17:28.191+0300][info][gc] GC(167) Garbage Collection (Proactive) 14M(78%)->12M(67%)
[2024-05-10T03:17:29.289+0300][info][gc] GC(168) Garbage Collection (Proactive) 14M(78%)->12M(67%)
[2024-05-10T03:17:30.292+0300][info][gc] GC(169) Garbage Collection (Proactive) 14M(78%)->12M(67%)
[2024-05-10T03:17:31.401+0300][info][gc] GC(170) Garbage Collection (Proactive) 14M(78%)->12M(67%)
[2024-05-10T03:17:32.501+0300][info][gc] GC(171) Garbage Collection (Proactive) 14M(78%)->12M(67%)
[2024-05-10T03:17:33.788+0300][info][gc] GC(172) Garbage Collection (Proactive) 14M(78%)->12M(67%)
[2024-05-10T03:17:34.995+0300][info][gc] GC(173) Garbage Collection (Proactive) 14M(78%)->12M(67%)
[2024-05-10T03:17:36.199+0300][info][gc] GC(174) Garbage Collection (Proactive) 14M(78%)->12M(67%)
[2024-05-10T03:17:37.298+0300][info][gc] GC(175) Garbage Collection (Proactive) 14M(78%)->12M(67%)
[2024-05-10T03:17:38.287+0300][info][gc] GC(176) Garbage Collection (Proactive) 14M(78%)->12M(67%)
[2024-05-10T03:17:39.190+0300][info][gc] GC(177) Garbage Collection (Proactive) 14M(78%)->12M(67%)
[2024-05-10T03:17:40.194+0300][info][gc] GC(178) Garbage Collection (Proactive) 14M(78%)->12M(67%)
[2024-05-10T03:17:41.188+0300][info][gc] GC(179) Garbage Collection (Proactive) 14M(78%)->12M(67%)
[2024-05-10T03:17:42.190+0300][info][gc] GC(180) Garbage Collection (Proactive) 14M(78%)->12M(67%)
[2024-05-10T03:17:43.295+0300][info][gc] GC(181) Garbage Collection (Proactive) 14M(78%)->12M(67%)
[2024-05-10T03:17:44.300+0300][info][gc] GC(182) Garbage Collection (Proactive) 14M(78%)->12M(67%)
[2024-05-10T03:17:45.297+0300][info][gc] GC(183) Garbage Collection (Proactive) 14M(78%)->12M(67%)
[2024-05-10T03:17:46.297+0300][info][gc] GC(184) Garbage Collection (Proactive) 14M(78%)->12M(67%)
[2024-05-10T03:17:47.500+0300][info][gc] GC(185) Garbage Collection (Proactive) 14M(78%)->12M(67%)
[2024-05-10T03:17:48.594+0300][info][gc] GC(186) Garbage Collection (Proactive) 14M(78%)->12M(67%)
[2024-05-10T03:17:49.616+0300][info][gc] GC(187) Garbage Collection (Proactive) 14M(78%)->12M(67%)
[2024-05-10T03:17:53.196+0300][info][gc] GC(188) Garbage Collection (Proactive) 14M(78%)->12M(67%)
[2024-05-10T03:17:55.996+0300][info][gc] GC(189) Garbage Collection (Proactive) 14M(78%)->12M(67%)
[2024-05-10T03:17:57.890+0300][info][gc] GC(190) Garbage Collection (Proactive) 14M(78%)->12M(67%)
[2024-05-10T03:17:59.300+0300][info][gc] GC(191) Garbage Collection (Proactive) 14M(78%)->12M(67%)
[2024-05-10T03:18:00.492+0300][info][gc] GC(192) Garbage Collection (Proactive) 14M(78%)->12M(67%)
[2024-05-10T03:18:01.585+0300][info][gc] GC(193) Garbage Collection (Proactive) 14M(78%)->12M(67%)
[2024-05-10T03:18:02.587+0300][info][gc] GC(194) Garbage Collection (Proactive) 14M(78%)->12M(67%)
[2024-05-10T03:18:03.488+0300][info][gc] GC(195) Garbage Collection (Proactive) 14M(78%)->12M(67%)
[2024-05-10T03:18:04.396+0300][info][gc] GC(196) Garbage Collection (Proactive) 14M(78%)->12M(67%)
[2024-05-10T03:18:05.387+0300][info][gc] GC(197) Garbage Collection (Proactive) 14M(78%)->12M(67%)
[2024-05-10T03:18:06.490+0300][info][gc] GC(198) Garbage Collection (Proactive) 14M(78%)->12M(67%)
[2024-05-10T03:18:07.803+0300][info][gc] GC(199) Garbage Collection (Proactive) 14M(78%)->12M(67%)
[2024-05-10T03:18:09.194+0300][info][gc] GC(200) Garbage Collection (Proactive) 14M(78%)->12M(67%)
[2024-05-10T03:18:10.494+0300][info][gc] GC(201) Garbage Collection (Proactive) 14M(78%)->12M(67%)
[2024-05-10T03:18:11.587+0300][info][gc] GC(202) Garbage Collection (Proactive) 14M(78%)->12M(67%)
[2024-05-10T03:18:12.603+0300][info][gc] GC(203) Garbage Collection (Proactive) 14M(78%)->12M(67%)
[2024-05-10T03:18:13.698+0300][info][gc] GC(204) Garbage Collection (Proactive) 14M(78%)->12M(67%)
[2024-05-10T03:18:14.799+0300][info][gc] GC(205) Garbage Collection (Proactive) 14M(78%)->14M(78%)
[2024-05-10T03:18:28.995+0300][info][gc] GC(206) Garbage Collection (Allocation Rate) 16M(89%)->12M(67%)
[2024-05-10T03:18:29.989+0300][info][gc] GC(207) Garbage Collection (Proactive) 14M(78%)->12M(67%)
[2024-05-10T03:18:30.991+0300][info][gc] GC(208) Garbage Collection (Proactive) 14M(78%)->12M(67%)
[2024-05-10T03:18:32.290+0300][info][gc] GC(209) Garbage Collection (Proactive) 14M(78%)->12M(67%)
[2024-05-10T03:18:33.594+0300][info][gc] GC(210) Garbage Collection (Proactive) 14M(78%)->12M(67%)
[2024-05-10T03:18:34.802+0300][info][gc] GC(211) Garbage Collection (Proactive) 14M(78%)->14M(78%)
[2024-05-10T03:18:46.985+0300][info][gc] GC(212) Garbage Collection (Allocation Rate) 16M(89%)->12M(67%)
[2024-05-10T03:18:48.292+0300][info][gc] GC(213) Garbage Collection (Proactive) 14M(78%)->12M(67%)
[2024-05-10T03:18:49.487+0300][info][gc] GC(214) Garbage Collection (Proactive) 14M(78%)->12M(67%)
[2024-05-10T03:18:50.600+0300][info][gc] GC(215) Garbage Collection (Proactive) 14M(78%)->12M(67%)
[2024-05-10T03:18:51.587+0300][info][gc] GC(216) Garbage Collection (Proactive) 14M(78%)->12M(67%)
[2024-05-10T03:18:52.496+0300][info][gc] GC(217) Garbage Collection (Proactive) 14M(78%)->12M(67%)
[2024-05-10T03:18:53.497+0300][info][gc] GC(218) Garbage Collection (Proactive) 14M(78%)->12M(67%)
[2024-05-10T03:18:54.500+0300][info][gc] GC(219) Garbage Collection (Proactive) 14M(78%)->12M(67%)
[2024-05-10T03:18:55.592+0300][info][gc] GC(220) Garbage Collection (Proactive) 14M(78%)->12M(67%)
[2024-05-10T03:18:56.595+0300][info][gc] GC(221) Garbage Collection (Proactive) 14M(78%)->12M(67%)
[2024-05-10T03:18:57.991+0300][info][gc] GC(222) Garbage Collection (Proactive) 14M(78%)->12M(67%)
[2024-05-10T03:18:59.298+0300][info][gc] GC(223) Garbage Collection (Proactive) 14M(78%)->12M(67%)
[2024-05-10T03:19:00.600+0300][info][gc] GC(224) Garbage Collection (Proactive) 14M(78%)->12M(67%)
[2024-05-10T03:19:01.698+0300][info][gc] GC(225) Garbage Collection (Proactive) 14M(78%)->12M(67%)
[2024-05-10T03:19:02.685+0300][info][gc] GC(226) Garbage Collection (Proactive) 14M(78%)->12M(67%)
[2024-05-10T03:19:03.596+0300][info][gc] GC(227) Garbage Collection (Proactive) 14M(78%)->12M(67%)
[2024-05-10T03:19:04.599+0300][info][gc] GC(228) Garbage Collection (Proactive) 14M(78%)->12M(67%)
[2024-05-10T03:19:05.492+0300][info][gc] GC(229) Garbage Collection (Proactive) 14M(78%)->12M(67%)
[2024-05-10T03:19:06.494+0300][info][gc] GC(230) Garbage Collection (Proactive) 14M(78%)->12M(67%)
[2024-05-10T03:19:07.502+0300][info][gc] GC(231) Garbage Collection (Proactive) 14M(78%)->12M(67%)
[2024-05-10T03:19:09.099+0300][info][gc] GC(232) Garbage Collection (Proactive) 14M(78%)->12M(67%)
[2024-05-10T03:19:10.489+0300][info][gc] GC(233) Garbage Collection (Proactive) 14M(78%)->12M(67%)
[2024-05-10T03:19:11.696+0300][info][gc] GC(234) Garbage Collection (Proactive) 14M(78%)->12M(67%)
[2024-05-10T03:19:12.796+0300][info][gc] GC(235) Garbage Collection (Proactive) 14M(78%)->12M(67%)
[2024-05-10T03:19:13.999+0300][info][gc] GC(236) Garbage Collection (Proactive) 14M(78%)->12M(67%)
[2024-05-10T03:19:15.095+0300][info][gc] GC(237) Garbage Collection (Proactive) 14M(78%)->12M(67%)
[2024-05-10T03:19:16.097+0300][info][gc] GC(238) Garbage Collection (Proactive) 14M(78%)->12M(67%)
[2024-05-10T03:19:17.100+0300][info][gc] GC(239) Garbage Collection (Proactive) 14M(78%)->12M(67%)
[2024-05-10T03:19:18.098+0300][info][gc] GC(240) Garbage Collection (Proactive) 14M(78%)->12M(67%)
[2024-05-10T03:19:19.101+0300][info][gc] GC(241) Garbage Collection (Proactive) 14M(78%)->12M(67%)
[2024-05-10T03:19:20.086+0300][info][gc] GC(242) Garbage Collection (Proactive) 14M(78%)->12M(67%)
[2024-05-10T03:19:20.986+0300][info][gc] GC(243) Garbage Collection (Proactive) 14M(78%)->12M(67%)
[2024-05-10T03:19:21.886+0300][info][gc] GC(244) Garbage Collection (Proactive) 14M(78%)->12M(67%)
[2024-05-10T03:19:22.794+0300][info][gc] GC(245) Garbage Collection (Proactive) 14M(78%)->12M(67%)
[2024-05-10T03:19:23.796+0300][info][gc] GC(246) Garbage Collection (Proactive) 14M(78%)->12M(67%)
[2024-05-10T03:19:24.799+0300][info][gc] GC(247) Garbage Collection (Proactive) 14M(78%)->12M(67%)
[2024-05-10T03:19:25.798+0300][info][gc] GC(248) Garbage Collection (Proactive) 14M(78%)->12M(67%)
[2024-05-10T03:19:26.689+0300][info][gc] GC(249) Garbage Collection (Proactive) 14M(78%)->12M(67%)
[2024-05-10T03:19:27.597+0300][info][gc] GC(250) Garbage Collection (Proactive) 14M(78%)->12M(67%)
[2024-05-10T03:19:28.502+0300][info][gc] GC(251) Garbage Collection (Proactive) 14M(78%)->10M(56%)
[2024-05-10T03:19:30.102+0300][info][gc] GC(252) Garbage Collection (Proactive) 12M(67%)->10M(56%)
[2024-05-10T03:19:31.396+0300][info][gc] GC(253) Garbage Collection (Proactive) 12M(67%)->10M(56%)
[2024-05-10T03:19:32.590+0300][info][gc] GC(254) Garbage Collection (Proactive) 12M(67%)->10M(56%)
[2024-05-10T03:19:33.803+0300][info][gc] GC(255) Garbage Collection (Proactive) 12M(67%)->10M(56%)
[2024-05-10T03:19:34.987+0300][info][gc] GC(256) Garbage Collection (Proactive) 12M(67%)->10M(56%)
[2024-05-10T03:19:36.090+0300][info][gc] GC(257) Garbage Collection (Proactive) 12M(67%)->10M(56%)
[2024-05-10T03:19:37.196+0300][info][gc] GC(258) Garbage Collection (Proactive) 12M(67%)->10M(56%)
[2024-05-10T03:19:38.197+0300][info][gc] GC(259) Garbage Collection (Proactive) 12M(67%)->10M(56%)
[2024-05-10T03:19:39.694+0300][info][gc] GC(260) Garbage Collection (Proactive) 12M(67%)->10M(56%)
[2024-05-10T03:19:41.195+0300][info][gc] GC(261) Garbage Collection (Proactive) 12M(67%)->10M(56%)
[2024-05-10T03:19:42.597+0300][info][gc] GC(262) Garbage Collection (Proactive) 12M(67%)->10M(56%)
[2024-05-10T03:19:43.799+0300][info][gc] GC(263) Garbage Collection (Proactive) 12M(67%)->10M(56%)
[2024-05-10T03:19:44.889+0300][info][gc] GC(264) Garbage Collection (Proactive) 12M(67%)->10M(56%)
[2024-05-10T03:19:45.995+0300][info][gc] GC(265) Garbage Collection (Proactive) 12M(67%)->10M(56%)
[2024-05-10T03:19:47.091+0300][info][gc] GC(266) Garbage Collection (Proactive) 12M(67%)->10M(56%)
[2024-05-10T03:19:48.187+0300][info][gc] GC(267) Garbage Collection (Proactive) 12M(67%)->10M(56%)
[2024-05-10T03:19:49.201+0300][info][gc] GC(268) Garbage Collection (Proactive) 12M(67%)->10M(56%)
[2024-05-10T03:19:50.292+0300][info][gc] GC(269) Garbage Collection (Proactive) 12M(67%)->10M(56%)
[2024-05-10T03:19:51.401+0300][info][gc] GC(270) Garbage Collection (Proactive) 12M(67%)->10M(56%)
[2024-05-10T03:19:52.396+0300][info][gc] GC(271) Garbage Collection (Proactive) 12M(67%)->10M(56%)
[2024-05-10T03:19:53.392+0300][info][gc] GC(272) Garbage Collection (Proactive) 12M(67%)->10M(56%)
[2024-05-10T03:19:54.388+0300][info][gc] GC(273) Garbage Collection (Proactive) 12M(67%)->10M(56%)
[2024-05-10T03:19:55.389+0300][info][gc] GC(274) Garbage Collection (Proactive) 12M(67%)->10M(56%)
[2024-05-10T03:19:56.387+0300][info][gc] GC(275) Garbage Collection (Proactive) 12M(67%)->10M(56%)
[2024-05-10T03:19:57.389+0300][info][gc] GC(276) Garbage Collection (Proactive) 12M(67%)->10M(56%)
[2024-05-10T03:19:58.600+0300][info][gc] GC(277) Garbage Collection (Proactive) 12M(67%)->10M(56%)
[2024-05-10T03:19:59.695+0300][info][gc] GC(278) Garbage Collection (Proactive) 12M(67%)->10M(56%)
[2024-05-10T03:20:00.695+0300][info][gc] GC(279) Garbage Collection (Proactive) 12M(67%)->10M(56%)
[2024-05-10T03:20:01.803+0300][info][gc] GC(280) Garbage Collection (Proactive) 12M(67%)->10M(56%)
[2024-05-10T03:20:02.995+0300][info][gc] GC(281) Garbage Collection (Proactive) 12M(67%)->10M(56%)
[2024-05-10T03:20:04.303+0300][info][gc] GC(282) Garbage Collection (Proactive) 12M(67%)->10M(56%)
[2024-05-10T03:20:05.501+0300][info][gc] GC(283) Garbage Collection (Proactive) 12M(67%)->10M(56%)
[2024-05-10T03:20:06.701+0300][info][gc] GC(284) Garbage Collection (Proactive) 12M(67%)->10M(56%)
[2024-05-10T03:20:07.801+0300][info][gc] GC(285) Garbage Collection (Proactive) 12M(67%)->10M(56%)
[2024-05-10T03:20:09.790+0300][info][gc] GC(286) Garbage Collection (Proactive) 12M(67%)->10M(56%)
[2024-05-10T03:20:11.491+0300][info][gc] GC(287) Garbage Collection (Proactive) 12M(67%)->10M(56%)
[2024-05-10T03:20:12.904+0300][info][gc] GC(288) Garbage Collection (Proactive) 12M(67%)->10M(56%)
[2024-05-10T03:20:14.202+0300][info][gc] GC(289) Garbage Collection (Proactive) 12M(67%)->10M(56%)
[2024-05-10T03:20:15.497+0300][info][gc] GC(290) Garbage Collection (Proactive) 12M(67%)->10M(56%)
[2024-05-10T03:20:16.799+0300][info][gc] GC(291) Garbage Collection (Proactive) 12M(67%)->10M(56%)
[2024-05-10T03:20:18.094+0300][info][gc] GC(292) Garbage Collection (Proactive) 12M(67%)->10M(56%)
[2024-05-10T03:20:19.187+0300][info][gc] GC(293) Garbage Collection (Proactive) 12M(67%)->10M(56%)
[2024-05-10T03:20:20.294+0300][info][gc] GC(294) Garbage Collection (Proactive) 12M(67%)->10M(56%)
[2024-05-10T03:20:21.292+0300][info][gc] GC(295) Garbage Collection (Proactive) 12M(67%)->10M(56%)
[2024-05-10T03:20:22.287+0300][info][gc] GC(296) Garbage Collection (Proactive) 12M(67%)->10M(56%)
[2024-05-10T03:20:23.291+0300][info][gc] GC(297) Garbage Collection (Proactive) 12M(67%)->10M(56%)
[2024-05-10T03:20:24.293+0300][info][gc] GC(298) Garbage Collection (Proactive) 12M(67%)->10M(56%)
[2024-05-10T03:20:25.599+0300][info][gc] GC(299) Garbage Collection (Proactive) 12M(67%)->10M(56%)
[2024-05-10T03:20:26.788+0300][info][gc] GC(300) Garbage Collection (Proactive) 12M(67%)->10M(56%)
[2024-05-10T03:20:27.896+0300][info][gc] GC(301) Garbage Collection (Proactive) 12M(67%)->10M(56%)
[2024-05-10T03:20:28.994+0300][info][gc] GC(302) Garbage Collection (Proactive) 12M(67%)->10M(56%)
[2024-05-10T03:20:30.100+0300][info][gc] GC(303) Garbage Collection (Proactive) 12M(67%)->10M(56%)
[2024-05-10T03:20:31.095+0300][info][gc] GC(304) Garbage Collection (Proactive) 12M(67%)->10M(56%)
[2024-05-10T03:20:32.091+0300][info][gc] GC(305) Garbage Collection (Proactive) 12M(67%)->10M(56%)
